// Jest Snapshot v1, https://goo.gl/fbAQLP

exports[`Users List renders properly 1`] = `ShallowWrapper {}`;
