// Jest Snapshot v1, https://goo.gl/fbAQLP

exports[`User renders properly 1`] = `ShallowWrapper {}`;
